Test WRC+pooncerelease+fencermbonceonce+Once Allowed
States 7
1:r0=0; 2:r0=0; 2:r1=0;
1:r0=0; 2:r0=0; 2:r1=1;
1:r0=0; 2:r0=1; 2:r1=0;
1:r0=0; 2:r0=1; 2:r1=1;
1:r0=1; 2:r0=0; 2:r1=0;
1:r0=1; 2:r0=0; 2:r1=1;
1:r0=1; 2:r0=1; 2:r1=1;
No
Witnesses
Positive: 0 Negative: 7
Condition exists (1:r0=1 /\ 2:r0=1 /\ 2:r1=0)
Observation WRC+pooncerelease+fencermbonceonce+Once Never 0 7
Hash=7b9a1a22fbb821d557ea6448eb64707b

