Test A17 Required
States 4
0:X4=0;  ~Fault(P2,MMU:Translation); ~Fault(P1,MMU:Translation);
0:X4=0; Fault(P1,x,MMU:Translation); Fault(P2,x,MMU:Translation);
0:X4=1; Fault(P1,x,MMU:Translation); ~Fault(P2,MMU:Translation);
0:X4=1; Fault(P2,x,MMU:Translation); ~Fault(P1,MMU:Translation);
Ok
Witnesses
Positive: 4 Negative: 0
Condition forall (0:X4=0 \/ not (fault(P1,MMU:Translation)) \/ not (fault(P2,MMU:Translation)))
Observation A17 Always 4 0
Hash=940fc4679ff0d119f5ec1acd25105500

