Test A17 Required
States 4
0:X4=0;  ~Fault(P2,MMU:Translation); ~Fault(P1,MMU:Translation);
0:X4=0; Fault(P1,x,MMU:Translation); Fault(P2,x,MMU:Translation);
0:X4=1; Fault(P1,x,MMU:Translation); ~Fault(P2,MMU:Translation);
0:X4=1; Fault(P2,x,MMU:Translation); ~Fault(P1,MMU:Translation);
Ok
Witnesses
Positive: 4 Negative: 0
Condition forall (0:X4=0 \/ not (fault(P1,MMU:Translation)) \/ not (fault(P2,MMU:Translation)))
Observation A17 Always 4 0
Hash=c4d14bb3b9874d28482a3810b54847de

