Test L058 Allowed
States 36
0:X0=a; 1:X0=b; a={0,0}; b={0,0};
0:X0=a; 1:X0=b; a={0,0}; b={0,2};
0:X0=a; 1:X0=b; a={0,0}; b={1,0};
0:X0=a; 1:X0=b; a={0,0}; b={1,2};
0:X0=a; 1:X0=b; a={0,2}; b={0,2};
0:X0=a; 1:X0=b; a={0,2}; b={1,2};
0:X0=a; 1:X0=b; a={0,4}; b={0,0};
0:X0=a; 1:X0=b; a={0,4}; b={0,2};
0:X0=a; 1:X0=b; a={0,4}; b={0,4};
0:X0=a; 1:X0=b; a={0,4}; b={1,0};
0:X0=a; 1:X0=b; a={0,4}; b={1,2};
0:X0=a; 1:X0=b; a={0,4}; b={1,4};
0:X0=a; 1:X0=b; a={1,0}; b={1,0};
0:X0=a; 1:X0=b; a={1,0}; b={1,2};
0:X0=a; 1:X0=b; a={1,2}; b={1,2};
0:X0=a; 1:X0=b; a={1,4}; b={1,0};
0:X0=a; 1:X0=b; a={1,4}; b={1,2};
0:X0=a; 1:X0=b; a={1,4}; b={1,4};
0:X0=a; 1:X0=b; a={3,0}; b={0,0};
0:X0=a; 1:X0=b; a={3,0}; b={0,2};
0:X0=a; 1:X0=b; a={3,0}; b={1,0};
0:X0=a; 1:X0=b; a={3,0}; b={1,2};
0:X0=a; 1:X0=b; a={3,0}; b={3,0};
0:X0=a; 1:X0=b; a={3,0}; b={3,2};
0:X0=a; 1:X0=b; a={3,2}; b={0,2};
0:X0=a; 1:X0=b; a={3,2}; b={1,2};
0:X0=a; 1:X0=b; a={3,2}; b={3,2};
0:X0=a; 1:X0=b; a={3,4}; b={0,0};
0:X0=a; 1:X0=b; a={3,4}; b={0,2};
0:X0=a; 1:X0=b; a={3,4}; b={0,4};
0:X0=a; 1:X0=b; a={3,4}; b={1,0};
0:X0=a; 1:X0=b; a={3,4}; b={1,2};
0:X0=a; 1:X0=b; a={3,4}; b={1,4};
0:X0=a; 1:X0=b; a={3,4}; b={3,0};
0:X0=a; 1:X0=b; a={3,4}; b={3,2};
0:X0=a; 1:X0=b; a={3,4}; b={3,4};
Ok
Witnesses
Positive: 1 Negative: 63
Condition exists (a={3,4} /\ b={1,2} /\ 0:X0=a /\ 1:X0=b)
Observation L058 Sometimes 1 63
Hash=fa78a40e853b537558278f3fa2a34538

