Test MP+tlbi-sync.ishspteaf0pteoa.af1+pos Allowed
States 6
1:X4=0; 1:X5=0;
1:X4=1; 1:X5=0;
1:X4=1; 1:X5=1;
1:X4=1; 1:X5=2;
1:X4=2; 1:X5=0;
1:X4=2; 1:X5=2;
No
Witnesses
Positive: 0 Negative: 9
Condition exists (1:X4=2 /\ 1:X5=1)
Observation MP+tlbi-sync.ishspteaf0pteoa.af1+pos Never 0 9
Hash=e6ef300b6f55d2300ac976c99b0e5c3e

