Test MP+dmb.syw0h0+amo.casa.w0w0-pow0h0 Allowed
States 3
1:X2=0x0; 1:X5=0x0; [y]=0x1;
1:X2=0x0; 1:X5=0x1; [y]=0x1;
1:X2=0x1; 1:X5=0x1; [y]=0x20002;
No
Witnesses
Positive: 0 Negative: 6
Condition exists ([y]=0x20002 /\ 1:X2=0x1 /\ 1:X5=0x0)
Observation MP+dmb.syw0h0+amo.casa.w0w0-pow0h0 Never 0 6
Hash=6bc68e267461be44d25ffdca81ff16b9

