Test LB+dmb.sypt+amo.ldaddal-polt Allowed
States 4
0:X1=0; 1:X1=1824; [y]=1952;  ~Fault(P1,y); ~Fault(P0,x);
0:X1=0; 1:X1=1824; [y]=1952; Fault(P0,x:red,TagCheck); ~Fault(P1,y);
0:X1=0; 1:X1=1824; [y]=1952; Fault(P0,x:red,TagCheck); Fault(P1,y:red,TagCheck);
0:X1=0; 1:X1=1824; [y]=1952; Fault(P1,y:red,TagCheck); ~Fault(P0,x);
Ok
Witnesses
Positive: 1 Negative: 3
Condition exists ([y]=1952 /\ 0:X1=0 /\ 1:X1=1824 /\ not (fault(P0,x) \/ fault(P1,y)))
Observation LB+dmb.sypt+amo.ldaddal-polt Sometimes 1 3
Hash=fb96c900c29d12ab9f2138765bbc672d

