Test LB+dmb.sytt+amo.ldaddal-polp Allowed
States 2
0:X0=x:green; 1:X0=1824; [y]=1952;  ~Fault(P1,y);
0:X0=x:green; 1:X0=1824; [y]=1952; Fault(P1,y:red,TagCheck);
Ok
Witnesses
Positive: 1 Negative: 1
Condition exists ([y]=1952 /\ 0:X0=x:green /\ 1:X0=1824 /\ not (fault(P1,y)))
Observation LB+dmb.sytt+amo.ldaddal-polp Sometimes 1 1
Hash=b7433cd9a2544fa085601309948d0848

