Test LB+dmb.sytp+amo.ldaddal-polt Allowed
States 6
0:X0=x:green; 1:X1=0; [y]=1;
0:X0=x:green; 1:X1=1; [y]=1;
0:X0=x:green; 1:X1=1; [y]=3;
0:X0=x:red; 1:X1=0; [y]=1;
0:X0=x:red; 1:X1=1; [y]=1;
0:X0=x:red; 1:X1=1; [y]=3;
Ok
Witnesses
Positive: 1 Negative: 5
Condition exists ([y]=3 /\ 0:X0=x:red /\ 1:X1=1)
Observation LB+dmb.sytp+amo.ldaddal-polt Sometimes 1 5
Hash=b0710f9e71f1e8eb2f708e5d5cd210e6

