Test LB+dmb.sytt+amo.ldaddal-polt Allowed
States 4
0:X0=x:green; 1:X1=0; [y]=1;  ~Fault(P1,y);
0:X0=x:green; 1:X1=0; [y]=1; Fault(P1,y:red,TagCheck);
0:X0=x:red; 1:X1=0; [y]=1;  ~Fault(P1,y);
0:X0=x:red; 1:X1=0; [y]=1; Fault(P1,y:red,TagCheck);
Ok
Witnesses
Positive: 1 Negative: 3
Condition exists ([y]=1 /\ 0:X0=x:red /\ 1:X1=0 /\ not (fault(P1,y)))
Observation LB+dmb.sytt+amo.ldaddal-polt Sometimes 1 3
Hash=16742ff0fc19815a0c23d536994a4002

