Test MP+dmb.sytp+amo.ldaddal-polt Allowed
States 4
1:X1=0; 1:X3=x:green; [y]=1;
1:X1=0; 1:X3=x:red; [y]=1;
1:X1=1; 1:X3=x:green; [y]=3;
1:X1=1; 1:X3=x:red; [y]=3;
Ok
Witnesses
Positive: 1 Negative: 3
Condition exists ([y]=3 /\ 1:X1=1 /\ 1:X3=x:green)
Observation MP+dmb.sytp+amo.ldaddal-polt Sometimes 1 3
Hash=31e288332fabd4a60afc236bdef9e38a

