Test MP+dmb.sypt+amo.ldaddal-polt Allowed
States 2
1:X0=1824; 1:X5=x:green; [y]=1952;  ~Fault(P1,y);
1:X0=1824; 1:X5=x:green; [y]=1952; Fault(P1,y:red,TagCheck);
Ok
Witnesses
Positive: 1 Negative: 1
Condition exists ([y]=1952 /\ 1:X0=1824 /\ 1:X5=x:green /\ not (fault(P1,y)))
Observation MP+dmb.sypt+amo.ldaddal-polt Sometimes 1 1
Hash=d295c0c391409bf30e70d1977a65b24b

