Test MP+dmb.sytp+amo.ldaddal-polt Allowed
States 6
1:X2=1824; 1:X5=x:green; [y]=1825;
1:X2=1824; 1:X5=x:red; [y]=1825;
1:X2=1825; 1:X5=x:green; [y]=1825;
1:X2=1825; 1:X5=x:green; [y]=2081;
1:X2=1825; 1:X5=x:red; [y]=1825;
1:X2=1825; 1:X5=x:red; [y]=2081;
Ok
Witnesses
Positive: 1 Negative: 5
Condition exists ([y]=2081 /\ 1:X2=1825 /\ 1:X5=x:green)
Observation MP+dmb.sytp+amo.ldaddal-polt Sometimes 1 5
Hash=71b60ce50a3c4b8e2793c5fe87b6154e

