Test MP+dmb.sytt+amo.ldaddal-polt Allowed
States 4
1:X4=1824; 1:X6=x:green; [y]=1952;  ~Fault(P1,y);
1:X4=1824; 1:X6=x:green; [y]=1952; Fault(P1,y:red,TagCheck);
1:X4=1824; 1:X6=x:red; [y]=1952;  ~Fault(P1,y);
1:X4=1824; 1:X6=x:red; [y]=1952; Fault(P1,y:red,TagCheck);
Ok
Witnesses
Positive: 1 Negative: 3
Condition exists ([y]=1952 /\ 1:X4=1824 /\ 1:X6=x:green /\ not (fault(P1,y)))
Observation MP+dmb.sytt+amo.ldaddal-polt Sometimes 1 3
Hash=ba7351c1d41d262f5a26cfb0a6057cc6

