Test MP+dmb.sytt+amo.ldaddal-polp Allowed
States 4
1:X4=1824; 1:X6=0; [y]=1952;  ~Fault(P1:L01,x); ~Fault(P1:L00,y);
1:X4=1824; 1:X6=0; [y]=1952; Fault(P1:L00,y:red,TagCheck); ~Fault(P1:L01,x);
1:X4=1824; 1:X6=0; [y]=1952; Fault(P1:L00,y:red,TagCheck); Fault(P1:L01,x:green,TagCheck);
1:X4=1824; 1:X6=0; [y]=1952; Fault(P1:L01,x:green,TagCheck); ~Fault(P1:L00,y);
Ok
Witnesses
Positive: 1 Negative: 3
Condition exists ([y]=1952 /\ 1:X4=1824 /\ 1:X6=0 /\ not (fault(P1:L00,y)) /\ not (fault(P1:L01,x)))
Observation MP+dmb.sytt+amo.ldaddal-polp Sometimes 1 3
Hash=594d65d9e62a6c33dab3ec3b38f2bbfe

