Test MP+dmb.sytt+amo.ldaddal-polt Allowed
States 4
1:X4=1824; 1:X6=x:green; [y]=1952;  ~Fault(P1:L00,y);
1:X4=1824; 1:X6=x:green; [y]=1952; Fault(P1:L00,y:red,TagCheck);
1:X4=1824; 1:X6=x:red; [y]=1952;  ~Fault(P1:L00,y);
1:X4=1824; 1:X6=x:red; [y]=1952; Fault(P1:L00,y:red,TagCheck);
Ok
Witnesses
Positive: 1 Negative: 3
Condition exists ([y]=1952 /\ 1:X4=1824 /\ 1:X6=x:green /\ not (fault(P1:L00,y)))
Observation MP+dmb.sytt+amo.ldaddal-polt Sometimes 1 3
Hash=c8124b982e9b3e629b928336aca9a1a3

