Test S+dmb.sy+amo.ldaddal-polp Allowed
States 6
1:X1=0; [x]=1; [y]=1;
1:X1=0; [x]=2; [y]=1;
1:X1=1; [x]=1; [y]=1;
1:X1=1; [x]=1; [y]=3;
1:X1=1; [x]=2; [y]=1;
1:X1=1; [x]=2; [y]=3;
Ok
Witnesses
Positive: 1 Negative: 5
Condition exists ([x]=2 /\ [y]=3 /\ 1:X1=1)
Observation S+dmb.sy+amo.ldaddal-polp Sometimes 1 5
Hash=ac31d6fe1185d8d544d2c220fa02ccb6

