Test S+dmb.sy+amo.ldaddal-polt Allowed
States 6
1:X1=0; [x]=1; [y]=1;  ~Fault(P0:L00,x);
1:X1=0; [x]=1; [y]=1; Fault(P0:L00,x:red,TagCheck);
1:X1=1; [x]=1; [y]=1;  ~Fault(P0:L00,x);
1:X1=1; [x]=1; [y]=1; Fault(P0:L00,x:red,TagCheck);
1:X1=1; [x]=1; [y]=3;  ~Fault(P0:L00,x);
1:X1=1; [x]=1; [y]=3; Fault(P0:L00,x:red,TagCheck);
Ok
Witnesses
Positive: 1 Negative: 5
Condition exists ([x]=1 /\ [y]=3 /\ 1:X1=1 /\ not (fault(P0:L00,x)))
Observation S+dmb.sy+amo.ldaddal-polt Sometimes 1 5
Hash=af9811cb873f792bf409b6550ee60589

