Test S+dmb.sy+amo.ldaddal-polt Allowed
States 6
1:X1=0; [x]=1; [y]=1;  ~Fault(P0,x);
1:X1=0; [x]=1; [y]=1; Fault(P0,x:red,TagCheck);
1:X1=1; [x]=1; [y]=1;  ~Fault(P0,x);
1:X1=1; [x]=1; [y]=1; Fault(P0,x:red,TagCheck);
1:X1=1; [x]=1; [y]=3;  ~Fault(P0,x);
1:X1=1; [x]=1; [y]=3; Fault(P0,x:red,TagCheck);
Ok
Witnesses
Positive: 1 Negative: 5
Condition exists ([x]=1 /\ [y]=3 /\ 1:X1=1 /\ not (fault(P0,x)))
Observation S+dmb.sy+amo.ldaddal-polt Sometimes 1 5
Hash=fc144829a130dfafd143834b20f10285

