Test S+dmb.sytt+amo.ldaddal-polp Allowed
States 4
1:X4=1824; [y]=1952; [tag(x)]=:red;  ~Fault(P1,y); ~Fault(P1,x);
1:X4=1824; [y]=1952; [tag(x)]=:red; Fault(P1,x:green,TagCheck); ~Fault(P1,y);
1:X4=1824; [y]=1952; [tag(x)]=:red; Fault(P1,x:green,TagCheck); Fault(P1,y:red,TagCheck);
1:X4=1824; [y]=1952; [tag(x)]=:red; Fault(P1,y:red,TagCheck); ~Fault(P1,x);
Ok
Witnesses
Positive: 1 Negative: 3
Condition exists ([tag(x)]=:red /\ [y]=1952 /\ 1:X4=1824 /\ not (fault(P1,x) \/ fault(P1,y)))
Observation S+dmb.sytt+amo.ldaddal-polp Sometimes 1 3
Hash=a513c2d046a92da0ae7c4e19e069d7fc

