Test S+dmb.sytp+amo.ldaddal-polt Allowed
States 6
1:X2=1824; [y]=1825; [tag(x)]=:blue;
1:X2=1824; [y]=1825; [tag(x)]=:red;
1:X2=1825; [y]=1825; [tag(x)]=:blue;
1:X2=1825; [y]=1825; [tag(x)]=:red;
1:X2=1825; [y]=2081; [tag(x)]=:blue;
1:X2=1825; [y]=2081; [tag(x)]=:red;
Ok
Witnesses
Positive: 1 Negative: 5
Condition exists ([tag(x)]=:blue /\ [y]=2081 /\ 1:X2=1825)
Observation S+dmb.sytp+amo.ldaddal-polt Sometimes 1 5
Hash=1254c22c515cd7eaf519cfa3887e239b

