Test S+dmb.sytt+amo.ldaddal-polp Allowed
States 4
1:X4=1824; [y]=1952; [tag(x)]=:red;  ~Fault(P1:L01,y); ~Fault(P1:L00,x);
1:X4=1824; [y]=1952; [tag(x)]=:red; Fault(P1:L00,x:green,TagCheck); ~Fault(P1:L01,y);
1:X4=1824; [y]=1952; [tag(x)]=:red; Fault(P1:L00,x:green,TagCheck); Fault(P1:L01,y:red,TagCheck);
1:X4=1824; [y]=1952; [tag(x)]=:red; Fault(P1:L01,y:red,TagCheck); ~Fault(P1:L00,x);
Ok
Witnesses
Positive: 1 Negative: 3
Condition exists ([tag(x)]=:red /\ [y]=1952 /\ 1:X4=1824 /\ not (fault(P1:L00,x)) /\ not (fault(P1:L01,y)))
Observation S+dmb.sytt+amo.ldaddal-polp Sometimes 1 3
Hash=e4a4ec2502538aed8eb41b9c0573fd99

