Test S+dmb.sy+amo.ldaddal-polt Allowed
States 4
1:X1=0; [x]=1; [y]=1;  ~Fault(P0,x);
1:X1=0; [x]=1; [y]=1; Fault(P0,x:red);
1:X1=1; [x]=1; [y]=3;  ~Fault(P0,x);
1:X1=1; [x]=1; [y]=3; Fault(P0,x:red);
Ok
Witnesses
Positive: 1 Negative: 3
Condition exists ([x]=1 /\ [y]=3 /\ 1:X1=1 /\ not (fault(P0,x)))
Observation S+dmb.sy+amo.ldaddal-polt Sometimes 1 3
Hash=fc144829a130dfafd143834b20f10285

