Test A011 Allowed
States 3
[x]=0; Fault(P0:L0,x:red,TagCheck);
[x]=0; Fault(P0:L0,x:red,MMU:Permission);
[x]=1;  ~Fault(P0:L0,x);
Ok
Witnesses
Positive: 1 Negative: 2
Flag combining-vmsa-and-memtag-is-not-supported
Condition exists ([x]=1 /\ not (fault(P0:L0,x)))
Observation A011 Sometimes 1 2
Hash=134d988c72472374b559eaf4c6a4fea8

