Test LB+ctrlcsel+rmw-po Allowed
States 4
0:X1=0; 1:X1=0; [y]=1;
0:X1=0; 1:X1=1; [y]=2;
0:X1=1; 1:X1=0; [y]=1;
0:X1=1; 1:X1=1; [y]=2;
Loop Ok
Witnesses
Positive: 6 Negative: 12
Condition exists ([y]=2 /\ 0:X1=1 /\ 1:X1=1)
Observation LB+ctrlcsel+rmw-po Sometimes 6 12
Hash=d05c953dd1aab9530a2d49d443d36f57

