Test LB+datacsel+amo.cas-po Allowed
States 4
0:X1=0; 1:X1=0; [y]=1;
0:X1=0; 1:X1=1; [y]=2;
0:X1=1; 1:X1=0; [y]=1;
0:X1=1; 1:X1=1; [y]=2;
Ok
Witnesses
Positive: 2 Negative: 6
Condition exists ([y]=2 /\ 0:X1=1 /\ 1:X1=1)
Observation LB+datacsel+amo.cas-po Sometimes 2 6
Hash=8051661ca4bacd7ce86229dd373d231a

