Test RR+RW+ctrlcsel+amo.casap-po Allowed
States 4
0:X1=0; 0:X5=0; 1:X1=0;
0:X1=0; 0:X5=1; 1:X1=0;
0:X1=1; 0:X5=0; 1:X1=0;
0:X1=1; 0:X5=1; 1:X1=0;
Ok
Witnesses
Positive: 2 Negative: 6
Condition exists (0:X1=1 /\ 0:X5=0 /\ 1:X1=0)
Observation RR+RW+ctrlcsel+amo.casap-po Sometimes 2 6
Hash=83dc0b2d609bc53395336fd92e9ec707

