Test RR+RW+ctrlisb+rmwap-po Allowed
States 4
0:X1=0; 0:X3=0; 1:X1=0;
0:X1=0; 0:X3=1; 1:X1=0;
0:X1=1; 0:X3=0; 1:X1=0;
0:X1=1; 0:X3=1; 1:X1=0;
Loop Ok
Witnesses
Positive: 3 Negative: 9
Condition exists (0:X1=1 /\ 0:X3=0 /\ 1:X1=0)
Observation RR+RW+ctrlisb+rmwap-po Sometimes 3 9
Hash=0b62775ee6462aa6f776b02c4e4e99cf

