Test RR+RW+ctrlisb+rmw-po Allowed
States 4
0:X1=0; 0:X3=0; 1:X1=0;
0:X1=0; 0:X3=1; 1:X1=0;
0:X1=1; 0:X3=0; 1:X1=0;
0:X1=1; 0:X3=1; 1:X1=0;
Loop Ok
Witnesses
Positive: 3 Negative: 9
Condition exists (0:X1=1 /\ 0:X3=0 /\ 1:X1=0)
Observation RR+RW+ctrlisb+rmw-po Sometimes 3 9
Hash=284f54dcc5611963126ca77d79c846ad

