Test LB+rel+CAS-NO-MEM Allowed
States 4
0:X3=0; 1:X3=0; 1:X7=1;
0:X3=0; 1:X3=1; 1:X7=1;
0:X3=1; 1:X3=0; 1:X7=1;
0:X3=1; 1:X3=1; 1:X7=1;
Ok
Witnesses
Positive: 2 Negative: 6
Condition exists (0:X3=1 /\ 1:X3=1 /\ 1:X7=1)
Observation LB+rel+CAS-NO-MEM Sometimes 2 6
Hash=ce14928977c9e74e48cafa3fcdbf41d9

