Test LB+rel+CAS-NO-MEM Allowed
States 4
0:X3=0; 1:X3=0; 1:X7=1;
0:X3=0; 1:X3=1; 1:X7=1;
0:X3=1; 1:X3=0; 1:X7=1;
0:X3=1; 1:X3=1; 1:X7=1;
Ok
Witnesses
Positive: 1 Negative: 6
Condition exists (0:X3=1 /\ 1:X3=1 /\ 1:X7=1)
Observation LB+rel+CAS-NO-MEM Sometimes 1 6
Hash=ffe87c9d2e20362d000f1944416a7232

