Test LB+rel+CAS-NO-MEM Allowed
States 4
0:X3=0; 1:X3=0; 1:X7=2;
0:X3=0; 1:X3=1; 1:X7=2;
0:X3=1; 1:X3=0; 1:X7=2;
0:X3=1; 1:X3=1; 1:X7=2;
Ok
Witnesses
Positive: 1 Negative: 6
Condition exists (0:X3=1 /\ 1:X3=1 /\ 1:X7=2)
Observation LB+rel+CAS-NO-MEM Sometimes 1 6
Hash=d1bec95cbbe73a184dd72883eff1f27c

