Test MP+rel+CAS-NO-MEM Allowed
States 4
1:X3=0; 1:X7=2; 1:X10=0;
1:X3=0; 1:X7=2; 1:X10=1;
1:X3=1; 1:X7=2; 1:X10=0;
1:X3=1; 1:X7=2; 1:X10=1;
Ok
Witnesses
Positive: 1 Negative: 6
Condition exists (1:X3=1 /\ 1:X7=2 /\ 1:X10=0)
Observation MP+rel+CAS-NO-MEM Sometimes 1 6
Hash=44c9d69cd70f357ac97aa66a651032c1

