Test MP+rel+CAS-NO-MEM Allowed
States 4
1:X3=0; 1:X7=2; 1:X10=0;
1:X3=0; 1:X7=2; 1:X10=1;
1:X3=1; 1:X7=2; 1:X10=0;
1:X3=1; 1:X7=2; 1:X10=1;
Ok
Witnesses
Positive: 1 Negative: 6
Condition exists (1:X3=1 /\ 1:X7=2 /\ 1:X10=0)
Observation MP+rel+CAS-NO-MEM Sometimes 1 6
Hash=d9767e16d216945edd8d95bca81b542f

