Test MP+rel+CAS-NO-MEM Allowed
States 4
1:X3=0; 1:X9=1; 1:X12=0;
1:X3=0; 1:X9=1; 1:X12=1;
1:X3=1; 1:X9=1; 1:X12=0;
1:X3=1; 1:X9=1; 1:X12=1;
Ok
Witnesses
Positive: 1 Negative: 6
Condition exists (1:X3=1 /\ 1:X9=1 /\ 1:X12=0)
Observation MP+rel+CAS-NO-MEM Sometimes 1 6
Hash=f16bd0941fd9622574ae42b6cd2804c7

